src/components/Dashboard.tsx(1,10): error TS2300: Duplicate identifier 'fetchLabAudit'.
src/components/Dashboard.tsx(1,25): error TS2300: Duplicate identifier 'hederaTxUrl'.
src/components/Dashboard.tsx(1,64): error TS2300: Duplicate identifier 'LabAuditRow'.
src/components/Dashboard.tsx(2,10): error TS2300: Duplicate identifier 'fetchLabAudit'.
src/components/Dashboard.tsx(2,25): error TS2300: Duplicate identifier 'hederaTxUrl'.
src/components/Dashboard.tsx(2,43): error TS2300: Duplicate identifier 'LabAuditRow'.
src/components/Dashboard.tsx(6,45): error TS2304: Cannot find name 'useState'.
src/components/Dashboard.tsx(14,3): error TS2304: Cannot find name 'useEffect'.
src/components/Dashboard.tsx(19,49): error TS7006: Parameter 'r' implicitly has an 'any' type.
src/components/Dashboard.tsx(21,40): error TS7006: Parameter 'r' implicitly has an 'any' type.
src/components/Dashboard.tsx(59,78): error TS7006: Parameter 'acc' implicitly has an 'any' type.
src/components/Dashboard.tsx(59,83): error TS7006: Parameter 'r' implicitly has an 'any' type.
src/components/Dashboard.tsx(64,38): error TS2345: Argument of type 'unknown' is not assignable to parameter of type 'number'.
src/components/Dashboard.tsx(65,61): error TS2571: Object is of type 'unknown'.
src/components/Dashboard.tsx(65,68): error TS2571: Object is of type 'unknown'.
src/components/Dashboard.tsx(79,38): error TS18046: 'n' is of type 'unknown'.
src/components/Dashboard.tsx(86,127): error TS2322: Type 'unknown' is not assignable to type 'ReactNode'.
src/components/Dashboard.tsx(109,47): error TS7006: Parameter 'r' implicitly has an 'any' type.
